// Jest Snapshot v1, https://goo.gl/fbAQLP

exports[`renders Login correctly 1`] = `
<div
  className="Login"
>
  I AM LOGIN!!!!!!
</div>
`;
