// Jest Snapshot v1, https://goo.gl/fbAQLP

exports[`renders Profile Info section correctly 1`] = `<div />`;
