// Jest Snapshot v1, https://goo.gl/fbAQLP

exports[`renders Register correctly 1`] = `
<div
  className="Register"
>
  I AM REGISTRATION!!!!!!
</div>
`;
