// Jest Snapshot v1, https://goo.gl/fbAQLP

exports[`renders Saved Results page correctly 1`] = `
<div>
  <div
    class="tableWrapper"
  >
    <header
      class="tableHeader"
    >
      <span
        class="tableTitle"
      >
        Saved 
        Results
      </span>
      <button
        class="editButton"
      >
        Edit 
        Results
      </button>
    </header>
    <table
      aria-label="Saved Results"
      class="dataTable"
      role="table"
    >
      <thead
        class="dataHeader"
      >
        <tr
          role="row"
        >
          <th
            colspan="1"
            role="columnheader"
          >
            Search Date
          </th>
          <th
            colspan="1"
            role="columnheader"
          >
            Incident Date(s)
          </th>
          <th
            colspan="1"
            role="columnheader"
          >
            Incident Type
          </th>
          <th
            colspan="1"
            role="columnheader"
          >
            Officer(s)
          </th>
          <th
            colspan="1"
            role="columnheader"
          >
            Subject
          </th>
          <th
            colspan="1"
            role="columnheader"
          >
            Source
          </th>
          <th
            colspan="1"
            role="columnheader"
          >
            View Record
          </th>
        </tr>
      </thead>
      <tbody
        role="rowgroup"
      >
        <tr
          class="dataRows"
          role="row"
        >
          <td
            role="cell"
          >
            2021/09/07
          </td>
          <td
            role="cell"
          >
            2003/01/01
          </td>
          <td
            role="cell"
          >
            Use of force
          </td>
          <td
            role="cell"
          >
            Dan Smith
          </td>
          <td
            role="cell"
          >
            unknown
          </td>
          <td
            role="cell"
          >
            News Article
          </td>
          <td>
            <svg
              aria-hidden="true"
              class="svg-inline--fa fa-angle-right fa-w-8 expandRecordButton"
              data-icon="angle-right"
              data-prefix="fas"
              focusable="false"
              role="img"
              viewBox="0 0 256 512"
              xmlns="http://www.w3.org/2000/svg"
            >
              <path
                d="M224.3 273l-136 136c-9.4 9.4-24.6 9.4-33.9 0l-22.6-22.6c-9.4-9.4-9.4-24.6 0-33.9l96.4-96.4-96.4-96.4c-9.4-9.4-9.4-24.6 0-33.9L54.3 103c9.4-9.4 24.6-9.4 33.9 0l136 136c9.5 9.4 9.5 24.6.1 34z"
                fill="currentColor"
              />
            </svg>
          </td>
        </tr>
        <tr
          class="dataRows"
          role="row"
        >
          <td
            role="cell"
          >
            2021/09/07
          </td>
          <td
            role="cell"
          >
            2003/01/01
          </td>
          <td
            role="cell"
          >
            Use of force
          </td>
          <td
            role="cell"
          >
            John Smith
          </td>
          <td
            role="cell"
          >
            unknown
          </td>
          <td
            role="cell"
          >
            News Article
          </td>
          <td>
            <svg
              aria-hidden="true"
              class="svg-inline--fa fa-angle-right fa-w-8 expandRecordButton"
              data-icon="angle-right"
              data-prefix="fas"
              focusable="false"
              role="img"
              viewBox="0 0 256 512"
              xmlns="http://www.w3.org/2000/svg"
            >
              <path
                d="M224.3 273l-136 136c-9.4 9.4-24.6 9.4-33.9 0l-22.6-22.6c-9.4-9.4-9.4-24.6 0-33.9l96.4-96.4-96.4-96.4c-9.4-9.4-9.4-24.6 0-33.9L54.3 103c9.4-9.4 24.6-9.4 33.9 0l136 136c9.5 9.4 9.5 24.6.1 34z"
                fill="currentColor"
              />
            </svg>
          </td>
        </tr>
        <tr
          class="dataRows"
          role="row"
        >
          <td
            role="cell"
          >
            2021/09/07
          </td>
          <td
            role="cell"
          >
            2003/01/01
          </td>
          <td
            role="cell"
          >
            Use of force
          </td>
          <td
            role="cell"
          >
            Ed Smith, Vince Gilligan
          </td>
          <td
            role="cell"
          >
            unknown
          </td>
          <td
            role="cell"
          >
            News Article
          </td>
          <td>
            <svg
              aria-hidden="true"
              class="svg-inline--fa fa-angle-right fa-w-8 expandRecordButton"
              data-icon="angle-right"
              data-prefix="fas"
              focusable="false"
              role="img"
              viewBox="0 0 256 512"
              xmlns="http://www.w3.org/2000/svg"
            >
              <path
                d="M224.3 273l-136 136c-9.4 9.4-24.6 9.4-33.9 0l-22.6-22.6c-9.4-9.4-9.4-24.6 0-33.9l96.4-96.4-96.4-96.4c-9.4-9.4-9.4-24.6 0-33.9L54.3 103c9.4-9.4 24.6-9.4 33.9 0l136 136c9.5 9.4 9.5 24.6.1 34z"
                fill="currentColor"
              />
            </svg>
          </td>
        </tr>
        <tr
          class="dataRows"
          role="row"
        >
          <td
            role="cell"
          >
            2021/09/07
          </td>
          <td
            role="cell"
          >
            2003/01/01
          </td>
          <td
            role="cell"
          >
            Use of force
          </td>
          <td
            role="cell"
          >
            John Smith
          </td>
          <td
            role="cell"
          >
            unknown
          </td>
          <td
            role="cell"
          >
            News Article
          </td>
          <td>
            <svg
              aria-hidden="true"
              class="svg-inline--fa fa-angle-right fa-w-8 expandRecordButton"
              data-icon="angle-right"
              data-prefix="fas"
              focusable="false"
              role="img"
              viewBox="0 0 256 512"
              xmlns="http://www.w3.org/2000/svg"
            >
              <path
                d="M224.3 273l-136 136c-9.4 9.4-24.6 9.4-33.9 0l-22.6-22.6c-9.4-9.4-9.4-24.6 0-33.9l96.4-96.4-96.4-96.4c-9.4-9.4-9.4-24.6 0-33.9L54.3 103c9.4-9.4 24.6-9.4 33.9 0l136 136c9.5 9.4 9.5 24.6.1 34z"
                fill="currentColor"
              />
            </svg>
          </td>
        </tr>
        <tr
          class="dataRows"
          role="row"
        >
          <td
            role="cell"
          >
            2021/09/07
          </td>
          <td
            role="cell"
          >
            2003/01/01
          </td>
          <td
            role="cell"
          >
            Use of force
          </td>
          <td
            role="cell"
          >
            John Smith
          </td>
          <td
            role="cell"
          >
            unknown
          </td>
          <td
            role="cell"
          >
            News Article
          </td>
          <td>
            <svg
              aria-hidden="true"
              class="svg-inline--fa fa-angle-right fa-w-8 expandRecordButton"
              data-icon="angle-right"
              data-prefix="fas"
              focusable="false"
              role="img"
              viewBox="0 0 256 512"
              xmlns="http://www.w3.org/2000/svg"
            >
              <path
                d="M224.3 273l-136 136c-9.4 9.4-24.6 9.4-33.9 0l-22.6-22.6c-9.4-9.4-9.4-24.6 0-33.9l96.4-96.4-96.4-96.4c-9.4-9.4-9.4-24.6 0-33.9L54.3 103c9.4-9.4 24.6-9.4 33.9 0l136 136c9.5 9.4 9.5 24.6.1 34z"
                fill="currentColor"
              />
            </svg>
          </td>
        </tr>
        <tr
          class="dataRows"
          role="row"
        >
          <td
            role="cell"
          >
            2021/09/07
          </td>
          <td
            role="cell"
          >
            2003/01/01
          </td>
          <td
            role="cell"
          >
            Use of force
          </td>
          <td
            role="cell"
          >
            John Smith
          </td>
          <td
            role="cell"
          >
            unknown
          </td>
          <td
            role="cell"
          >
            News Article
          </td>
          <td>
            <svg
              aria-hidden="true"
              class="svg-inline--fa fa-angle-right fa-w-8 expandRecordButton"
              data-icon="angle-right"
              data-prefix="fas"
              focusable="false"
              role="img"
              viewBox="0 0 256 512"
              xmlns="http://www.w3.org/2000/svg"
            >
              <path
                d="M224.3 273l-136 136c-9.4 9.4-24.6 9.4-33.9 0l-22.6-22.6c-9.4-9.4-9.4-24.6 0-33.9l96.4-96.4-96.4-96.4c-9.4-9.4-9.4-24.6 0-33.9L54.3 103c9.4-9.4 24.6-9.4 33.9 0l136 136c9.5 9.4 9.5 24.6.1 34z"
                fill="currentColor"
              />
            </svg>
          </td>
        </tr>
        <tr
          class="dataRows"
          role="row"
        >
          <td
            role="cell"
          >
            2021/09/07
          </td>
          <td
            role="cell"
          >
            2003/01/01
          </td>
          <td
            role="cell"
          >
            Use of force
          </td>
          <td
            role="cell"
          >
            John Smith
          </td>
          <td
            role="cell"
          >
            unknown
          </td>
          <td
            role="cell"
          >
            News Article
          </td>
          <td>
            <svg
              aria-hidden="true"
              class="svg-inline--fa fa-angle-right fa-w-8 expandRecordButton"
              data-icon="angle-right"
              data-prefix="fas"
              focusable="false"
              role="img"
              viewBox="0 0 256 512"
              xmlns="http://www.w3.org/2000/svg"
            >
              <path
                d="M224.3 273l-136 136c-9.4 9.4-24.6 9.4-33.9 0l-22.6-22.6c-9.4-9.4-9.4-24.6 0-33.9l96.4-96.4-96.4-96.4c-9.4-9.4-9.4-24.6 0-33.9L54.3 103c9.4-9.4 24.6-9.4 33.9 0l136 136c9.5 9.4 9.5 24.6.1 34z"
                fill="currentColor"
              />
            </svg>
          </td>
        </tr>
        <tr
          class="dataRows"
          role="row"
        >
          <td
            role="cell"
          >
            2021/09/07
          </td>
          <td
            role="cell"
          >
            2003/01/01
          </td>
          <td
            role="cell"
          >
            Use of force
          </td>
          <td
            role="cell"
          >
            Dan Smith
          </td>
          <td
            role="cell"
          >
            unknown
          </td>
          <td
            role="cell"
          >
            News Article
          </td>
          <td>
            <svg
              aria-hidden="true"
              class="svg-inline--fa fa-angle-right fa-w-8 expandRecordButton"
              data-icon="angle-right"
              data-prefix="fas"
              focusable="false"
              role="img"
              viewBox="0 0 256 512"
              xmlns="http://www.w3.org/2000/svg"
            >
              <path
                d="M224.3 273l-136 136c-9.4 9.4-24.6 9.4-33.9 0l-22.6-22.6c-9.4-9.4-9.4-24.6 0-33.9l96.4-96.4-96.4-96.4c-9.4-9.4-9.4-24.6 0-33.9L54.3 103c9.4-9.4 24.6-9.4 33.9 0l136 136c9.5 9.4 9.5 24.6.1 34z"
                fill="currentColor"
              />
            </svg>
          </td>
        </tr>
        <tr
          class="dataRows"
          role="row"
        >
          <td
            role="cell"
          >
            2021/09/07
          </td>
          <td
            role="cell"
          >
            2003/01/01
          </td>
          <td
            role="cell"
          >
            Use of force
          </td>
          <td
            role="cell"
          >
            John Smith
          </td>
          <td
            role="cell"
          >
            unknown
          </td>
          <td
            role="cell"
          >
            News Article
          </td>
          <td>
            <svg
              aria-hidden="true"
              class="svg-inline--fa fa-angle-right fa-w-8 expandRecordButton"
              data-icon="angle-right"
              data-prefix="fas"
              focusable="false"
              role="img"
              viewBox="0 0 256 512"
              xmlns="http://www.w3.org/2000/svg"
            >
              <path
                d="M224.3 273l-136 136c-9.4 9.4-24.6 9.4-33.9 0l-22.6-22.6c-9.4-9.4-9.4-24.6 0-33.9l96.4-96.4-96.4-96.4c-9.4-9.4-9.4-24.6 0-33.9L54.3 103c9.4-9.4 24.6-9.4 33.9 0l136 136c9.5 9.4 9.5 24.6.1 34z"
                fill="currentColor"
              />
            </svg>
          </td>
        </tr>
        <tr
          class="dataRows"
          role="row"
        >
          <td
            role="cell"
          >
            2021/09/07
          </td>
          <td
            role="cell"
          >
            2003/01/01
          </td>
          <td
            role="cell"
          >
            Use of force
          </td>
          <td
            role="cell"
          >
            Ed Smith, Vince Gilligan
          </td>
          <td
            role="cell"
          >
            unknown
          </td>
          <td
            role="cell"
          >
            News Article
          </td>
          <td>
            <svg
              aria-hidden="true"
              class="svg-inline--fa fa-angle-right fa-w-8 expandRecordButton"
              data-icon="angle-right"
              data-prefix="fas"
              focusable="false"
              role="img"
              viewBox="0 0 256 512"
              xmlns="http://www.w3.org/2000/svg"
            >
              <path
                d="M224.3 273l-136 136c-9.4 9.4-24.6 9.4-33.9 0l-22.6-22.6c-9.4-9.4-9.4-24.6 0-33.9l96.4-96.4-96.4-96.4c-9.4-9.4-9.4-24.6 0-33.9L54.3 103c9.4-9.4 24.6-9.4 33.9 0l136 136c9.5 9.4 9.5 24.6.1 34z"
                fill="currentColor"
              />
            </svg>
          </td>
        </tr>
      </tbody>
      <tfoot
        class="dataFooter"
      >
        <tr>
          <td>
            11
             records found
          </td>
          <td
            colspan="4"
          />
          <td>
            Show
             
            <input
              class="dataRowPage"
              max="10"
              min="1"
              type="number"
              value="10"
            />
             
            rows
          </td>
          <td>
             
            <button
              disabled=""
            >
              &lt;
            </button>
             
            1
             of 
            2
             
            <button>
              &gt;
            </button>
             
          </td>
        </tr>
      </tfoot>
    </table>
  </div>
</div>
`;
